Fitter report for counter
Wed May 08 08:01:12 2019
Quartus II Version 9.0 Build 235 06/17/2009 Service Pack 2 SJ Web Edition


---------------------
; Table of Contents ;
---------------------
  1. Legal Notice
  2. Fitter Summary
  3. Fitter Settings
  4. Parallel Compilation
  5. Pin-Out File
  6. Fitter Resource Usage Summary
  7. Input Pins
  8. Output Pins
  9. I/O Bank Usage
 10. All Package Pins
 11. Output Pin Default Load For Reported TCO
 12. Fitter Resource Utilization by Entity
 13. Delay Chain Summary
 14. Control Signals
 15. Global & Other Fast Signals
 16. Non-Global High Fan-Out Signals
 17. Interconnect Usage Summary
 18. LAB Logic Elements
 19. LAB-wide Signals
 20. LAB Signals Sourced
 21. LAB Signals Sourced Out
 22. LAB Distinct Inputs
 23. Fitter Device Options
 24. Estimated Delay Added for Hold Timing
 25. Advanced Data - General
 26. Advanced Data - Placement Preparation
 27. Advanced Data - Placement
 28. Advanced Data - Routing
 29. Fitter Messages



----------------
; Legal Notice ;
----------------
Copyright (C) 1991-2009 Altera Corporation
Your use of Altera Corporation's design tools, logic functions 
and other software and tools, and its AMPP partner logic 
functions, and any output files from any of the foregoing 
(including device programming or simulation files), and any 
associated documentation or information are expressly subject 
to the terms and conditions of the Altera Program License 
Subscription Agreement, Altera MegaCore Function License 
Agreement, or other applicable license agreement, including, 
without limitation, that your use is for the sole purpose of 
programming logic devices manufactured by Altera and sold by 
Altera or its authorized distributors.  Please refer to the 
applicable agreement for further details.



+----------------------------------------------------------------------+
; Fitter Summary                                                       ;
+-----------------------+----------------------------------------------+
; Fitter Status         ; Successful - Wed May 08 08:01:12 2019        ;
; Quartus II Version    ; 9.0 Build 235 06/17/2009 SP 2 SJ Web Edition ;
; Revision Name         ; counter                                      ;
; Top-level Entity Name ; Counter                                      ;
; Family                ; MAX II                                       ;
; Device                ; EPM240T100C5                                 ;
; Timing Models         ; Final                                        ;
; Total logic elements  ; 95 / 240 ( 40 % )                            ;
; Total pins            ; 16 / 80 ( 20 % )                             ;
; Total virtual pins    ; 0                                            ;
; UFM blocks            ; 0 / 1 ( 0 % )                                ;
+-----------------------+----------------------------------------------+


+--------------------------------------------------------------------------------------------------------------------------------------+
; Fitter Settings                                                                                                                      ;
+--------------------------------------------------------------------+--------------------------------+--------------------------------+
; Option                                                             ; Setting                        ; Default Value                  ;
+--------------------------------------------------------------------+--------------------------------+--------------------------------+
; Device                                                             ; EPM240T100C5                   ;                                ;
; Minimum Core Junction Temperature                                  ; 0                              ;                                ;
; Maximum Core Junction Temperature                                  ; 85                             ;                                ;
; Fit Attempts to Skip                                               ; 0                              ; 0.0                            ;
; Device I/O Standard                                                ; 3.3-V LVTTL                    ;                                ;
; Use smart compilation                                              ; Off                            ; Off                            ;
; Use TimeQuest Timing Analyzer                                      ; Off                            ; Off                            ;
; Router Timing Optimization Level                                   ; Normal                         ; Normal                         ;
; Placement Effort Multiplier                                        ; 1.0                            ; 1.0                            ;
; Router Effort Multiplier                                           ; 1.0                            ; 1.0                            ;
; Always Enable Input Buffers                                        ; Off                            ; Off                            ;
; Optimize Hold Timing                                               ; IO Paths and Minimum TPD Paths ; IO Paths and Minimum TPD Paths ;
; Optimize Multi-Corner Timing                                       ; Off                            ; Off                            ;
; Guarantee I/O Paths Have Zero Hold Time at Fast Corner             ; On                             ; On                             ;
; PowerPlay Power Optimization                                       ; Normal compilation             ; Normal compilation             ;
; Optimize Timing                                                    ; Normal compilation             ; Normal compilation             ;
; Optimize Timing for ECOs                                           ; Off                            ; Off                            ;
; Regenerate full fit report during ECO compiles                     ; Off                            ; Off                            ;
; Optimize IOC Register Placement for Timing                         ; On                             ; On                             ;
; Limit to One Fitting Attempt                                       ; Off                            ; Off                            ;
; Final Placement Optimizations                                      ; Automatically                  ; Automatically                  ;
; Fitter Aggressive Routability Optimizations                        ; Automatically                  ; Automatically                  ;
; Fitter Initial Placement Seed                                      ; 1                              ; 1                              ;
; Slow Slew Rate                                                     ; Off                            ; Off                            ;
; PCI I/O                                                            ; Off                            ; Off                            ;
; Weak Pull-Up Resistor                                              ; Off                            ; Off                            ;
; Enable Bus-Hold Circuitry                                          ; Off                            ; Off                            ;
; Auto Delay Chains                                                  ; On                             ; On                             ;
; Perform Physical Synthesis for Combinational Logic for Performance ; Off                            ; Off                            ;
; Perform Register Duplication for Performance                       ; Off                            ; Off                            ;
; Perform Register Retiming for Performance                          ; Off                            ; Off                            ;
; Perform Asynchronous Signal Pipelining                             ; Off                            ; Off                            ;
; Fitter Effort                                                      ; Auto Fit                       ; Auto Fit                       ;
; Physical Synthesis Effort Level                                    ; Normal                         ; Normal                         ;
; Logic Cell Insertion - Logic Duplication                           ; Auto                           ; Auto                           ;
; Auto Register Duplication                                          ; Auto                           ; Auto                           ;
; Auto Global Clock                                                  ; On                             ; On                             ;
; Auto Global Register Control Signals                               ; On                             ; On                             ;
; Stop After Congestion Map Generation                               ; Off                            ; Off                            ;
; Save Intermediate Fitting Results                                  ; Off                            ; Off                            ;
; Force Fitter to Avoid Periphery Placement Warnings                 ; Off                            ; Off                            ;
+--------------------------------------------------------------------+--------------------------------+--------------------------------+


Parallel compilation was disabled, but you have multiple processors available. Enable parallel compilation to reduce compilation time.
+-------------------------------------+
; Parallel Compilation                ;
+----------------------------+--------+
; Processors                 ; Number ;
+----------------------------+--------+
; Number detected on machine ; 4      ;
; Maximum allowed            ; 1      ;
+----------------------------+--------+


+--------------+
; Pin-Out File ;
+--------------+
The pin-out file can be found in E:/cnter/counter.pin.


+-----------------------------------------------------------------+
; Fitter Resource Usage Summary                                   ;
+---------------------------------------------+-------------------+
; Resource                                    ; Usage             ;
+---------------------------------------------+-------------------+
; Total logic elements                        ; 95 / 240 ( 40 % ) ;
;     -- Combinational with no register       ; 89                ;
;     -- Register only                        ; 0                 ;
;     -- Combinational with a register        ; 6                 ;
;                                             ;                   ;
; Logic element usage by number of LUT inputs ;                   ;
;     -- 4 input functions                    ; 16                ;
;     -- 3 input functions                    ; 34                ;
;     -- 2 input functions                    ; 23                ;
;     -- 1 input functions                    ; 22                ;
;     -- 0 input functions                    ; 0                 ;
;                                             ;                   ;
; Logic elements by mode                      ;                   ;
;     -- normal mode                          ; 67                ;
;     -- arithmetic mode                      ; 28                ;
;     -- qfbk mode                            ; 0                 ;
;     -- register cascade mode                ; 0                 ;
;     -- synchronous clear/load mode          ; 0                 ;
;     -- asynchronous clear/load mode         ; 6                 ;
;                                             ;                   ;
; Total registers                             ; 6 / 240 ( 3 % )   ;
; Total LABs                                  ; 12 / 24 ( 50 % )  ;
; Logic elements in carry chains              ; 39                ;
; User inserted logic elements                ; 0                 ;
; Virtual pins                                ; 0                 ;
; I/O pins                                    ; 16 / 80 ( 20 % )  ;
;     -- Clock pins                           ; 2 / 4 ( 50 % )    ;
; Global signals                              ; 1                 ;
; UFM blocks                                  ; 0 / 1 ( 0 % )     ;
; Global clocks                               ; 1 / 4 ( 25 % )    ;
; JTAGs                                       ; 0 / 1 ( 0 % )     ;
; Average interconnect usage (total/H/V)      ; 9% / 11% / 7%     ;
; Peak interconnect usage (total/H/V)         ; 9% / 11% / 7%     ;
; Maximum fan-out node                        ; LessThan0~0       ;
; Maximum fan-out                             ; 28                ;
; Highest non-global fan-out signal           ; LessThan0~0       ;
; Highest non-global fan-out                  ; 28                ;
; Total fan-out                               ; 261               ;
; Average fan-out                             ; 2.35              ;
+---------------------------------------------+-------------------+


+--------------------------------------------------------------------------------------------------------------------------------------------------------------------------------------------------------------+
; Input Pins                                                                                                                                                                                                   ;
+-------+-------+----------+--------------+--------------+-------------+-----------------------+--------------------+--------+-----------------+----------+--------------+--------------+----------------------+
; Name  ; Pin # ; I/O Bank ; X coordinate ; Y coordinate ; Cell number ; Combinational Fan-Out ; Registered Fan-Out ; Global ; PCI I/O Enabled ; Bus Hold ; Weak Pull Up ; I/O Standard ; Location assigned by ;
+-------+-------+----------+--------------+--------------+-------------+-----------------------+--------------------+--------+-----------------+----------+--------------+--------------+----------------------+
; c_clk ; 12    ; 1        ; 1            ; 3            ; 3           ; 1                     ; 0                  ; no     ; no              ; no       ; Off          ; 3.3-V LVTTL  ; User                 ;
; c_rst ; 44    ; 1        ; 6            ; 0            ; 2           ; 1                     ; 0                  ; no     ; no              ; no       ; Off          ; 3.3-V LVTTL  ; User                 ;
+-------+-------+----------+--------------+--------------+-------------+-----------------------+--------------------+--------+-----------------+----------+--------------+--------------+----------------------+


+------------------------------------------------------------------------------------------------------------------------------------------------------------------------------------------------------------------------------------------------------------------------------+
; Output Pins                                                                                                                                                                                                                                                                  ;
+---------+-------+----------+--------------+--------------+-------------+-----------------+----------------+-----------------+------------+---------------+----------+--------------+--------------+------------------+------------------------+----------------------+-------+
; Name    ; Pin # ; I/O Bank ; X coordinate ; Y coordinate ; Cell number ; Output Register ; Slow Slew Rate ; PCI I/O Enabled ; Open Drain ; TRI Primitive ; Bus Hold ; Weak Pull Up ; I/O Standard ; Current Strength ; Fast Output Connection ; Location assigned by ; Load  ;
+---------+-------+----------+--------------+--------------+-------------+-----------------+----------------+-----------------+------------+---------------+----------+--------------+--------------+------------------+------------------------+----------------------+-------+
; outh[0] ; 14    ; 1        ; 1            ; 2            ; 0           ; no              ; no             ; no              ; no         ; no            ; no       ; Off          ; 3.3-V LVTTL  ; 16mA             ; no                     ; User                 ; 10 pF ;
; outh[1] ; 15    ; 1        ; 1            ; 2            ; 1           ; no              ; no             ; no              ; no         ; no            ; no       ; Off          ; 3.3-V LVTTL  ; 16mA             ; no                     ; User                 ; 10 pF ;
; outh[2] ; 16    ; 1        ; 1            ; 2            ; 2           ; no              ; no             ; no              ; no         ; no            ; no       ; Off          ; 3.3-V LVTTL  ; 16mA             ; no                     ; User                 ; 10 pF ;
; outh[3] ; 17    ; 1        ; 1            ; 2            ; 3           ; no              ; no             ; no              ; no         ; no            ; no       ; Off          ; 3.3-V LVTTL  ; 16mA             ; no                     ; User                 ; 10 pF ;
; outh[4] ; 18    ; 1        ; 1            ; 1            ; 0           ; no              ; no             ; no              ; no         ; no            ; no       ; Off          ; 3.3-V LVTTL  ; 16mA             ; no                     ; User                 ; 10 pF ;
; outh[5] ; 19    ; 1        ; 1            ; 1            ; 1           ; no              ; no             ; no              ; no         ; no            ; no       ; Off          ; 3.3-V LVTTL  ; 16mA             ; no                     ; User                 ; 10 pF ;
; outh[6] ; 20    ; 1        ; 1            ; 1            ; 2           ; no              ; no             ; no              ; no         ; no            ; no       ; Off          ; 3.3-V LVTTL  ; 16mA             ; no                     ; User                 ; 10 pF ;
; outl[0] ; 1     ; 2        ; 2            ; 5            ; 3           ; no              ; no             ; no              ; no         ; no            ; no       ; Off          ; 3.3-V LVTTL  ; 16mA             ; no                     ; User                 ; 10 pF ;
; outl[1] ; 2     ; 1        ; 1            ; 4            ; 0           ; no              ; no             ; no              ; no         ; no            ; no       ; Off          ; 3.3-V LVTTL  ; 16mA             ; no                     ; User                 ; 10 pF ;
; outl[2] ; 3     ; 1        ; 1            ; 4            ; 1           ; no              ; no             ; no              ; no         ; no            ; no       ; Off          ; 3.3-V LVTTL  ; 16mA             ; no                     ; User                 ; 10 pF ;
; outl[3] ; 4     ; 1        ; 1            ; 4            ; 2           ; no              ; no             ; no              ; no         ; no            ; no       ; Off          ; 3.3-V LVTTL  ; 16mA             ; no                     ; User                 ; 10 pF ;
; outl[4] ; 5     ; 1        ; 1            ; 4            ; 3           ; no              ; no             ; no              ; no         ; no            ; no       ; Off          ; 3.3-V LVTTL  ; 16mA             ; no                     ; User                 ; 10 pF ;
; outl[5] ; 6     ; 1        ; 1            ; 3            ; 0           ; no              ; no             ; no              ; no         ; no            ; no       ; Off          ; 3.3-V LVTTL  ; 16mA             ; no                     ; User                 ; 10 pF ;
; outl[6] ; 7     ; 1        ; 1            ; 3            ; 1           ; no              ; no             ; no              ; no         ; no            ; no       ; Off          ; 3.3-V LVTTL  ; 16mA             ; no                     ; User                 ; 10 pF ;
+---------+-------+----------+--------------+--------------+-------------+-----------------+----------------+-----------------+------------+---------------+----------+--------------+--------------+------------------+------------------------+----------------------+-------+


+------------------------------------------------------------+
; I/O Bank Usage                                             ;
+----------+------------------+---------------+--------------+
; I/O Bank ; Usage            ; VCCIO Voltage ; VREF Voltage ;
+----------+------------------+---------------+--------------+
; 1        ; 15 / 38 ( 39 % ) ; 3.3V          ; --           ;
; 2        ; 1 / 42 ( 2 % )   ; 3.3V          ; --           ;
+----------+------------------+---------------+--------------+


+------------------------------------------------------------------------------------------------------------------------------------------------+
; All Package Pins                                                                                                                               ;
+----------+------------+----------+----------------+--------+--------------+-----------+------------+-----------------+----------+--------------+
; Location ; Pad Number ; I/O Bank ; Pin Name/Usage ; Dir.   ; I/O Standard ; Voltage   ; I/O Type   ; User Assignment ; Bus Hold ; Weak Pull Up ;
+----------+------------+----------+----------------+--------+--------------+-----------+------------+-----------------+----------+--------------+
; 1        ; 83         ; 2        ; outl[0]        ; output ; 3.3-V LVTTL  ;           ; Column I/O ; Y               ; no       ; Off          ;
; 2        ; 0          ; 1        ; outl[1]        ; output ; 3.3-V LVTTL  ;           ; Row I/O    ; Y               ; no       ; Off          ;
; 3        ; 1          ; 1        ; outl[2]        ; output ; 3.3-V LVTTL  ;           ; Row I/O    ; Y               ; no       ; Off          ;
; 4        ; 2          ; 1        ; outl[3]        ; output ; 3.3-V LVTTL  ;           ; Row I/O    ; Y               ; no       ; Off          ;
; 5        ; 3          ; 1        ; outl[4]        ; output ; 3.3-V LVTTL  ;           ; Row I/O    ; Y               ; no       ; Off          ;
; 6        ; 4          ; 1        ; outl[5]        ; output ; 3.3-V LVTTL  ;           ; Row I/O    ; Y               ; no       ; Off          ;
; 7        ; 5          ; 1        ; outl[6]        ; output ; 3.3-V LVTTL  ;           ; Row I/O    ; Y               ; no       ; Off          ;
; 8        ; 6          ; 1        ; GND*           ;        ;              ;           ; Row I/O    ;                 ; no       ; Off          ;
; 9        ;            ; 1        ; VCCIO1         ; power  ;              ; 3.3V      ; --         ;                 ; --       ; --           ;
; 10       ;            ;          ; GNDIO          ; gnd    ;              ;           ; --         ;                 ; --       ; --           ;
; 11       ;            ;          ; GNDINT         ; gnd    ;              ;           ; --         ;                 ; --       ; --           ;
; 12       ; 7          ; 1        ; c_clk          ; input  ; 3.3-V LVTTL  ;           ; Row I/O    ; Y               ; no       ; Off          ;
; 13       ;            ;          ; VCCINT         ; power  ;              ; 2.5V/3.3V ; --         ;                 ; --       ; --           ;
; 14       ; 8          ; 1        ; outh[0]        ; output ; 3.3-V LVTTL  ;           ; Row I/O    ; Y               ; no       ; Off          ;
; 15       ; 9          ; 1        ; outh[1]        ; output ; 3.3-V LVTTL  ;           ; Row I/O    ; Y               ; no       ; Off          ;
; 16       ; 10         ; 1        ; outh[2]        ; output ; 3.3-V LVTTL  ;           ; Row I/O    ; Y               ; no       ; Off          ;
; 17       ; 11         ; 1        ; outh[3]        ; output ; 3.3-V LVTTL  ;           ; Row I/O    ; Y               ; no       ; Off          ;
; 18       ; 12         ; 1        ; outh[4]        ; output ; 3.3-V LVTTL  ;           ; Row I/O    ; Y               ; no       ; Off          ;
; 19       ; 13         ; 1        ; outh[5]        ; output ; 3.3-V LVTTL  ;           ; Row I/O    ; Y               ; no       ; Off          ;
; 20       ; 14         ; 1        ; outh[6]        ; output ; 3.3-V LVTTL  ;           ; Row I/O    ; Y               ; no       ; Off          ;
; 21       ; 15         ; 1        ; GND*           ;        ;              ;           ; Row I/O    ;                 ; no       ; Off          ;
; 22       ; 16         ; 1        ; #TMS           ; input  ;              ;           ; --         ;                 ; --       ; --           ;
; 23       ; 17         ; 1        ; #TDI           ; input  ;              ;           ; --         ;                 ; --       ; --           ;
; 24       ; 18         ; 1        ; #TCK           ; input  ;              ;           ; --         ;                 ; --       ; --           ;
; 25       ; 19         ; 1        ; #TDO           ; output ;              ;           ; --         ;                 ; --       ; --           ;
; 26       ; 20         ; 1        ; GND*           ;        ;              ;           ; Column I/O ;                 ; no       ; Off          ;
; 27       ; 21         ; 1        ; GND*           ;        ;              ;           ; Column I/O ;                 ; no       ; Off          ;
; 28       ; 22         ; 1        ; GND*           ;        ;              ;           ; Column I/O ;                 ; no       ; Off          ;
; 29       ; 23         ; 1        ; GND*           ;        ;              ;           ; Column I/O ;                 ; no       ; Off          ;
; 30       ; 24         ; 1        ; GND*           ;        ;              ;           ; Column I/O ;                 ; no       ; Off          ;
; 31       ;            ; 1        ; VCCIO1         ; power  ;              ; 3.3V      ; --         ;                 ; --       ; --           ;
; 32       ;            ;          ; GNDIO          ; gnd    ;              ;           ; --         ;                 ; --       ; --           ;
; 33       ; 25         ; 1        ; GND*           ;        ;              ;           ; Column I/O ;                 ; no       ; Off          ;
; 34       ; 26         ; 1        ; GND*           ;        ;              ;           ; Column I/O ;                 ; no       ; Off          ;
; 35       ; 27         ; 1        ; GND*           ;        ;              ;           ; Column I/O ;                 ; no       ; Off          ;
; 36       ; 28         ; 1        ; GND*           ;        ;              ;           ; Column I/O ;                 ; no       ; Off          ;
; 37       ; 29         ; 1        ; GND*           ;        ;              ;           ; Column I/O ;                 ; no       ; Off          ;
; 38       ; 30         ; 1        ; GND*           ;        ;              ;           ; Column I/O ;                 ; no       ; Off          ;
; 39       ; 31         ; 1        ; GND*           ;        ;              ;           ; Column I/O ;                 ; no       ; Off          ;
; 40       ; 32         ; 1        ; GND*           ;        ;              ;           ; Column I/O ;                 ; no       ; Off          ;
; 41       ; 33         ; 1        ; GND*           ;        ;              ;           ; Column I/O ;                 ; no       ; Off          ;
; 42       ; 34         ; 1        ; GND*           ;        ;              ;           ; Column I/O ;                 ; no       ; Off          ;
; 43       ; 35         ; 1        ; GND*           ;        ;              ;           ; Column I/O ;                 ; no       ; Off          ;
; 44       ; 36         ; 1        ; c_rst          ; input  ; 3.3-V LVTTL  ;           ; Column I/O ; Y               ; no       ; Off          ;
; 45       ;            ; 1        ; VCCIO1         ; power  ;              ; 3.3V      ; --         ;                 ; --       ; --           ;
; 46       ;            ;          ; GNDIO          ; gnd    ;              ;           ; --         ;                 ; --       ; --           ;
; 47       ; 37         ; 1        ; GND*           ;        ;              ;           ; Column I/O ;                 ; no       ; Off          ;
; 48       ; 38         ; 1        ; GND*           ;        ;              ;           ; Column I/O ;                 ; no       ; Off          ;
; 49       ; 39         ; 1        ; GND*           ;        ;              ;           ; Column I/O ;                 ; no       ; Off          ;
; 50       ; 40         ; 1        ; GND*           ;        ;              ;           ; Column I/O ;                 ; no       ; Off          ;
; 51       ; 41         ; 1        ; GND*           ;        ;              ;           ; Column I/O ;                 ; no       ; Off          ;
; 52       ; 42         ; 2        ; GND*           ;        ;              ;           ; Row I/O    ;                 ; no       ; Off          ;
; 53       ; 43         ; 2        ; GND*           ;        ;              ;           ; Row I/O    ;                 ; no       ; Off          ;
; 54       ; 44         ; 2        ; GND*           ;        ;              ;           ; Row I/O    ;                 ; no       ; Off          ;
; 55       ; 45         ; 2        ; GND*           ;        ;              ;           ; Row I/O    ;                 ; no       ; Off          ;
; 56       ; 46         ; 2        ; GND*           ;        ;              ;           ; Row I/O    ;                 ; no       ; Off          ;
; 57       ; 47         ; 2        ; GND*           ;        ;              ;           ; Row I/O    ;                 ; no       ; Off          ;
; 58       ; 48         ; 2        ; GND*           ;        ;              ;           ; Row I/O    ;                 ; no       ; Off          ;
; 59       ;            ; 2        ; VCCIO2         ; power  ;              ; 3.3V      ; --         ;                 ; --       ; --           ;
; 60       ;            ;          ; GNDIO          ; gnd    ;              ;           ; --         ;                 ; --       ; --           ;
; 61       ; 49         ; 2        ; GND*           ;        ;              ;           ; Row I/O    ;                 ; no       ; Off          ;
; 62       ; 50         ; 2        ; GND*           ;        ;              ;           ; Row I/O    ;                 ; no       ; Off          ;
; 63       ;            ;          ; VCCINT         ; power  ;              ; 2.5V/3.3V ; --         ;                 ; --       ; --           ;
; 64       ; 51         ; 2        ; GND*           ;        ;              ;           ; Row I/O    ;                 ; no       ; Off          ;
; 65       ;            ;          ; GNDINT         ; gnd    ;              ;           ; --         ;                 ; --       ; --           ;
; 66       ; 52         ; 2        ; GND*           ;        ;              ;           ; Row I/O    ;                 ; no       ; Off          ;
; 67       ; 53         ; 2        ; GND*           ;        ;              ;           ; Row I/O    ;                 ; no       ; Off          ;
; 68       ; 54         ; 2        ; GND*           ;        ;              ;           ; Row I/O    ;                 ; no       ; Off          ;
; 69       ; 55         ; 2        ; GND*           ;        ;              ;           ; Row I/O    ;                 ; no       ; Off          ;
; 70       ; 56         ; 2        ; GND*           ;        ;              ;           ; Row I/O    ;                 ; no       ; Off          ;
; 71       ; 57         ; 2        ; GND*           ;        ;              ;           ; Row I/O    ;                 ; no       ; Off          ;
; 72       ; 58         ; 2        ; GND*           ;        ;              ;           ; Row I/O    ;                 ; no       ; Off          ;
; 73       ; 59         ; 2        ; GND*           ;        ;              ;           ; Row I/O    ;                 ; no       ; Off          ;
; 74       ; 60         ; 2        ; GND*           ;        ;              ;           ; Row I/O    ;                 ; no       ; Off          ;
; 75       ; 61         ; 2        ; GND*           ;        ;              ;           ; Column I/O ;                 ; no       ; Off          ;
; 76       ; 62         ; 2        ; GND*           ;        ;              ;           ; Column I/O ;                 ; no       ; Off          ;
; 77       ; 63         ; 2        ; GND*           ;        ;              ;           ; Column I/O ;                 ; no       ; Off          ;
; 78       ; 64         ; 2        ; GND*           ;        ;              ;           ; Column I/O ;                 ; no       ; Off          ;
; 79       ;            ;          ; GNDIO          ; gnd    ;              ;           ; --         ;                 ; --       ; --           ;
; 80       ;            ; 2        ; VCCIO2         ; power  ;              ; 3.3V      ; --         ;                 ; --       ; --           ;
; 81       ; 65         ; 2        ; GND*           ;        ;              ;           ; Column I/O ;                 ; no       ; Off          ;
; 82       ; 66         ; 2        ; GND*           ;        ;              ;           ; Column I/O ;                 ; no       ; Off          ;
; 83       ; 67         ; 2        ; GND*           ;        ;              ;           ; Column I/O ;                 ; no       ; Off          ;
; 84       ; 68         ; 2        ; GND*           ;        ;              ;           ; Column I/O ;                 ; no       ; Off          ;
; 85       ; 69         ; 2        ; GND*           ;        ;              ;           ; Column I/O ;                 ; no       ; Off          ;
; 86       ; 70         ; 2        ; GND*           ;        ;              ;           ; Column I/O ;                 ; no       ; Off          ;
; 87       ; 71         ; 2        ; GND*           ;        ;              ;           ; Column I/O ;                 ; no       ; Off          ;
; 88       ; 72         ; 2        ; GND*           ;        ;              ;           ; Column I/O ;                 ; no       ; Off          ;
; 89       ; 73         ; 2        ; GND*           ;        ;              ;           ; Column I/O ;                 ; no       ; Off          ;
; 90       ; 74         ; 2        ; GND*           ;        ;              ;           ; Column I/O ;                 ; no       ; Off          ;
; 91       ; 75         ; 2        ; GND*           ;        ;              ;           ; Column I/O ;                 ; no       ; Off          ;
; 92       ; 76         ; 2        ; GND*           ;        ;              ;           ; Column I/O ;                 ; no       ; Off          ;
; 93       ;            ;          ; GNDIO          ; gnd    ;              ;           ; --         ;                 ; --       ; --           ;
; 94       ;            ; 2        ; VCCIO2         ; power  ;              ; 3.3V      ; --         ;                 ; --       ; --           ;
; 95       ; 77         ; 2        ; GND*           ;        ;              ;           ; Column I/O ;                 ; no       ; Off          ;
; 96       ; 78         ; 2        ; GND*           ;        ;              ;           ; Column I/O ;                 ; no       ; Off          ;
; 97       ; 79         ; 2        ; GND*           ;        ;              ;           ; Column I/O ;                 ; no       ; Off          ;
; 98       ; 80         ; 2        ; GND*           ;        ;              ;           ; Column I/O ;                 ; no       ; Off          ;
; 99       ; 81         ; 2        ; GND*           ;        ;              ;           ; Column I/O ;                 ; no       ; Off          ;
; 100      ; 82         ; 2        ; GND*           ;        ;              ;           ; Column I/O ;                 ; no       ; Off          ;
+----------+------------+----------+----------------+--------+--------------+-----------+------------+-----------------+----------+--------------+
Note: Pin directions (input, output or bidir) are based on device operating in user mode.


+-------------------------------------------------------------+
; Output Pin Default Load For Reported TCO                    ;
+----------------------------+-------+------------------------+
; I/O Standard               ; Load  ; Termination Resistance ;
+----------------------------+-------+------------------------+
; 3.3-V LVTTL                ; 10 pF ; Not Available          ;
; 3.3-V LVCMOS               ; 10 pF ; Not Available          ;
; 2.5 V                      ; 10 pF ; Not Available          ;
; 1.8 V                      ; 10 pF ; Not Available          ;
; 1.5 V                      ; 10 pF ; Not Available          ;
; 3.3V Schmitt Trigger Input ; 10 pF ; Not Available          ;
; 2.5V Schmitt Trigger Input ; 10 pF ; Not Available          ;
+----------------------------+-------+------------------------+
Note: User assignments will override these defaults. The user specified values are listed in the Output Pins and Bidir Pins tables.


+---------------------------------------------------------------------------------------------------------------------------------------------------------------------------------------------------------------------------------------------------------------------------------------------------------------------------------------------+
; Fitter Resource Utilization by Entity                                                                                                                                                                                                                                                                                                       ;
+----------------------------------------+-------------+--------------+------------+------+--------------+--------------+-------------------+------------------+-----------------+------------+--------------------------------------------------------------------------------------------------------------------------------+--------------+
; Compilation Hierarchy Node             ; Logic Cells ; LC Registers ; UFM Blocks ; Pins ; Virtual Pins ; LUT-Only LCs ; Register-Only LCs ; LUT/Register LCs ; Carry Chain LCs ; Packed LCs ; Full Hierarchy Name                                                                                                            ; Library Name ;
+----------------------------------------+-------------+--------------+------------+------+--------------+--------------+-------------------+------------------+-----------------+------------+--------------------------------------------------------------------------------------------------------------------------------+--------------+
; |Counter                               ; 95 (18)     ; 6            ; 0          ; 16   ; 0            ; 89 (18)      ; 0 (0)             ; 6 (0)            ; 39 (0)          ; 0 (0)      ; |Counter                                                                                                                       ; work         ;
;    |D:u0|                              ; 1 (1)       ; 1            ; 0          ; 0    ; 0            ; 0 (0)        ; 0 (0)             ; 1 (1)            ; 0 (0)           ; 0 (0)      ; |Counter|D:u0                                                                                                                  ; work         ;
;    |D:u1|                              ; 1 (1)       ; 1            ; 0          ; 0    ; 0            ; 0 (0)        ; 0 (0)             ; 1 (1)            ; 0 (0)           ; 0 (0)      ; |Counter|D:u1                                                                                                                  ; work         ;
;    |D:u2|                              ; 1 (1)       ; 1            ; 0          ; 0    ; 0            ; 0 (0)        ; 0 (0)             ; 1 (1)            ; 0 (0)           ; 0 (0)      ; |Counter|D:u2                                                                                                                  ; work         ;
;    |D:u3|                              ; 1 (1)       ; 1            ; 0          ; 0    ; 0            ; 0 (0)        ; 0 (0)             ; 1 (1)            ; 0 (0)           ; 0 (0)      ; |Counter|D:u3                                                                                                                  ; work         ;
;    |D:u4|                              ; 1 (1)       ; 1            ; 0          ; 0    ; 0            ; 0 (0)        ; 0 (0)             ; 1 (1)            ; 0 (0)           ; 0 (0)      ; |Counter|D:u4                                                                                                                  ; work         ;
;    |D:u5|                              ; 1 (1)       ; 1            ; 0          ; 0    ; 0            ; 0 (0)        ; 0 (0)             ; 1 (1)            ; 0 (0)           ; 0 (0)      ; |Counter|D:u5                                                                                                                  ; work         ;
;    |lpm_divide:Div0|                   ; 32 (0)      ; 0            ; 0          ; 0    ; 0            ; 32 (0)       ; 0 (0)             ; 0 (0)            ; 18 (0)          ; 0 (0)      ; |Counter|lpm_divide:Div0                                                                                                       ; work         ;
;       |lpm_divide_ovl:auto_generated|  ; 32 (0)      ; 0            ; 0          ; 0    ; 0            ; 32 (0)       ; 0 (0)             ; 0 (0)            ; 18 (0)          ; 0 (0)      ; |Counter|lpm_divide:Div0|lpm_divide_ovl:auto_generated                                                                         ; work         ;
;          |sign_div_unsign_9kh:divider| ; 32 (0)      ; 0            ; 0          ; 0    ; 0            ; 32 (0)       ; 0 (0)             ; 0 (0)            ; 18 (0)          ; 0 (0)      ; |Counter|lpm_divide:Div0|lpm_divide_ovl:auto_generated|sign_div_unsign_9kh:divider                                             ; work         ;
;             |alt_u_div_die:divider|    ; 32 (14)     ; 0            ; 0          ; 0    ; 0            ; 32 (14)      ; 0 (0)             ; 0 (0)            ; 18 (0)          ; 0 (0)      ; |Counter|lpm_divide:Div0|lpm_divide_ovl:auto_generated|sign_div_unsign_9kh:divider|alt_u_div_die:divider                       ; work         ;
;                |add_sub_h7c:add_sub_3| ; 6 (6)       ; 0            ; 0          ; 0    ; 0            ; 6 (6)        ; 0 (0)             ; 0 (0)            ; 6 (6)           ; 0 (0)      ; |Counter|lpm_divide:Div0|lpm_divide_ovl:auto_generated|sign_div_unsign_9kh:divider|alt_u_div_die:divider|add_sub_h7c:add_sub_3 ; work         ;
;                |add_sub_i7c:add_sub_4| ; 7 (7)       ; 0            ; 0          ; 0    ; 0            ; 7 (7)        ; 0 (0)             ; 0 (0)            ; 7 (7)           ; 0 (0)      ; |Counter|lpm_divide:Div0|lpm_divide_ovl:auto_generated|sign_div_unsign_9kh:divider|alt_u_div_die:divider|add_sub_i7c:add_sub_4 ; work         ;
;                |add_sub_i7c:add_sub_5| ; 5 (5)       ; 0            ; 0          ; 0    ; 0            ; 5 (5)        ; 0 (0)             ; 0 (0)            ; 5 (5)           ; 0 (0)      ; |Counter|lpm_divide:Div0|lpm_divide_ovl:auto_generated|sign_div_unsign_9kh:divider|alt_u_div_die:divider|add_sub_i7c:add_sub_5 ; work         ;
;    |lpm_divide:Mod0|                   ; 39 (0)      ; 0            ; 0          ; 0    ; 0            ; 39 (0)       ; 0 (0)             ; 0 (0)            ; 21 (0)          ; 0 (0)      ; |Counter|lpm_divide:Mod0                                                                                                       ; work         ;
;       |lpm_divide_tnl:auto_generated|  ; 39 (0)      ; 0            ; 0          ; 0    ; 0            ; 39 (0)       ; 0 (0)             ; 0 (0)            ; 21 (0)          ; 0 (0)      ; |Counter|lpm_divide:Mod0|lpm_divide_tnl:auto_generated                                                                         ; work         ;
;          |sign_div_unsign_bkh:divider| ; 39 (0)      ; 0            ; 0          ; 0    ; 0            ; 39 (0)       ; 0 (0)             ; 0 (0)            ; 21 (0)          ; 0 (0)      ; |Counter|lpm_divide:Mod0|lpm_divide_tnl:auto_generated|sign_div_unsign_bkh:divider                                             ; work         ;
;             |alt_u_div_hie:divider|    ; 39 (18)     ; 0            ; 0          ; 0    ; 0            ; 39 (18)      ; 0 (0)             ; 0 (0)            ; 21 (0)          ; 0 (0)      ; |Counter|lpm_divide:Mod0|lpm_divide_tnl:auto_generated|sign_div_unsign_bkh:divider|alt_u_div_hie:divider                       ; work         ;
;                |add_sub_h7c:add_sub_3| ; 6 (6)       ; 0            ; 0          ; 0    ; 0            ; 6 (6)        ; 0 (0)             ; 0 (0)            ; 6 (6)           ; 0 (0)      ; |Counter|lpm_divide:Mod0|lpm_divide_tnl:auto_generated|sign_div_unsign_bkh:divider|alt_u_div_hie:divider|add_sub_h7c:add_sub_3 ; work         ;
;                |add_sub_i7c:add_sub_4| ; 7 (7)       ; 0            ; 0          ; 0    ; 0            ; 7 (7)        ; 0 (0)             ; 0 (0)            ; 7 (7)           ; 0 (0)      ; |Counter|lpm_divide:Mod0|lpm_divide_tnl:auto_generated|sign_div_unsign_bkh:divider|alt_u_div_hie:divider|add_sub_i7c:add_sub_4 ; work         ;
;                |add_sub_j7c:add_sub_5| ; 8 (8)       ; 0            ; 0          ; 0    ; 0            ; 8 (8)        ; 0 (0)             ; 0 (0)            ; 8 (8)           ; 0 (0)      ; |Counter|lpm_divide:Mod0|lpm_divide_tnl:auto_generated|sign_div_unsign_bkh:divider|alt_u_div_hie:divider|add_sub_j7c:add_sub_5 ; work         ;
+----------------------------------------+-------------+--------------+------------+------+--------------+--------------+-------------------+------------------+-----------------+------------+--------------------------------------------------------------------------------------------------------------------------------+--------------+
Note: For table entries with two numbers listed, the numbers in parentheses indicate the number of resources of the given type used by the specific entity alone. The numbers listed outside of parentheses indicate the total resources of the given type used by the specific entity and all of its sub-entities in the hierarchy.


+------------------------------------+
; Delay Chain Summary                ;
+---------+----------+---------------+
; Name    ; Pin Type ; Pad to Core 0 ;
+---------+----------+---------------+
; c_clk   ; Input    ; 0             ;
; c_rst   ; Input    ; 1             ;
; outh[0] ; Output   ; --            ;
; outh[1] ; Output   ; --            ;
; outh[2] ; Output   ; --            ;
; outh[3] ; Output   ; --            ;
; outh[4] ; Output   ; --            ;
; outh[5] ; Output   ; --            ;
; outh[6] ; Output   ; --            ;
; outl[0] ; Output   ; --            ;
; outl[1] ; Output   ; --            ;
; outl[2] ; Output   ; --            ;
; outl[3] ; Output   ; --            ;
; outl[4] ; Output   ; --            ;
; outl[5] ; Output   ; --            ;
; outl[6] ; Output   ; --            ;
+---------+----------+---------------+


+----------------------------------------------------------------------------------------------------+
; Control Signals                                                                                    ;
+----------+-------------+---------+--------------+--------+----------------------+------------------+
; Name     ; Location    ; Fan-Out ; Usage        ; Global ; Global Resource Used ; Global Line Name ;
+----------+-------------+---------+--------------+--------+----------------------+------------------+
; D:u0|tmp ; LC_X4_Y4_N3 ; 7       ; Clock        ; no     ; --                   ; --               ;
; D:u1|tmp ; LC_X7_Y4_N8 ; 6       ; Clock        ; no     ; --                   ; --               ;
; D:u2|tmp ; LC_X7_Y4_N9 ; 7       ; Clock        ; no     ; --                   ; --               ;
; D:u3|tmp ; LC_X7_Y2_N9 ; 8       ; Clock        ; no     ; --                   ; --               ;
; D:u4|tmp ; LC_X7_Y2_N8 ; 7       ; Clock        ; no     ; --                   ; --               ;
; c_clk    ; PIN_12      ; 1       ; Clock        ; no     ; --                   ; --               ;
; t_rst~0  ; LC_X6_Y4_N4 ; 6       ; Async. clear ; yes    ; Global Clock         ; GCLK3            ;
+----------+-------------+---------+--------------+--------+----------------------+------------------+


+---------------------------------------------------------------------------+
; Global & Other Fast Signals                                               ;
+---------+-------------+---------+----------------------+------------------+
; Name    ; Location    ; Fan-Out ; Global Resource Used ; Global Line Name ;
+---------+-------------+---------+----------------------+------------------+
; t_rst~0 ; LC_X6_Y4_N4 ; 6       ; Global Clock         ; GCLK3            ;
+---------+-------------+---------+----------------------+------------------+


+-------------------------------------------------------------------------------------------------------------------------------------------------------------+
; Non-Global High Fan-Out Signals                                                                                                                             ;
+---------------------------------------------------------------------------------------------------------------------------------------------------+---------+
; Name                                                                                                                                              ; Fan-Out ;
+---------------------------------------------------------------------------------------------------------------------------------------------------+---------+
; LessThan0~0                                                                                                                                       ; 28      ;
; lpm_divide:Div0|lpm_divide_ovl:auto_generated|sign_div_unsign_9kh:divider|alt_u_div_die:divider|add_sub_h7c:add_sub_3|add_sub_cella[2]~8          ; 15      ;
; lpm_divide:Div0|lpm_divide_ovl:auto_generated|sign_div_unsign_9kh:divider|alt_u_div_die:divider|add_sub_i7c:add_sub_4|add_sub_cella[2]~10         ; 15      ;
; lpm_divide:Mod0|lpm_divide_tnl:auto_generated|sign_div_unsign_bkh:divider|alt_u_div_hie:divider|add_sub_h7c:add_sub_3|add_sub_cella[2]~8          ; 9       ;
; D:u3|tmp                                                                                                                                          ; 8       ;
; lpm_divide:Mod0|lpm_divide_tnl:auto_generated|sign_div_unsign_bkh:divider|alt_u_div_hie:divider|add_sub_i7c:add_sub_4|add_sub_cella[2]~10         ; 8       ;
; D:u4|tmp                                                                                                                                          ; 7       ;
; lpm_divide:Mod0|lpm_divide_tnl:auto_generated|sign_div_unsign_bkh:divider|alt_u_div_hie:divider|StageOut[32]~73                                   ; 7       ;
; D:u2|tmp                                                                                                                                          ; 7       ;
; lpm_divide:Mod0|lpm_divide_tnl:auto_generated|sign_div_unsign_bkh:divider|alt_u_div_hie:divider|StageOut[31]~72                                   ; 7       ;
; D:u0|tmp                                                                                                                                          ; 7       ;
; lpm_divide:Div0|lpm_divide_ovl:auto_generated|sign_div_unsign_9kh:divider|alt_u_div_die:divider|add_sub_i7c:add_sub_5|add_sub_cella[2]~10         ; 7       ;
; D:u5|tmp                                                                                                                                          ; 6       ;
; D:u1|tmp                                                                                                                                          ; 6       ;
; lpm_divide:Mod0|lpm_divide_tnl:auto_generated|sign_div_unsign_bkh:divider|alt_u_div_hie:divider|StageOut[20]~76                                   ; 3       ;
; lpm_divide:Mod0|lpm_divide_tnl:auto_generated|sign_div_unsign_bkh:divider|alt_u_div_hie:divider|StageOut[33]~75                                   ; 3       ;
; lpm_divide:Mod0|lpm_divide_tnl:auto_generated|sign_div_unsign_bkh:divider|alt_u_div_hie:divider|add_sub_j7c:add_sub_5|add_sub_cella[2]~12         ; 3       ;
; num[0]~1                                                                                                                                          ; 3       ;
; lpm_divide:Div0|lpm_divide_ovl:auto_generated|sign_div_unsign_9kh:divider|alt_u_div_die:divider|add_sub_h7c:add_sub_3|add_sub_cella[1]            ; 2       ;
; lpm_divide:Mod0|lpm_divide_tnl:auto_generated|sign_div_unsign_bkh:divider|alt_u_div_hie:divider|add_sub_h7c:add_sub_3|add_sub_cella[2]~12         ; 2       ;
; lpm_divide:Mod0|lpm_divide_tnl:auto_generated|sign_div_unsign_bkh:divider|alt_u_div_hie:divider|add_sub_j7c:add_sub_5|add_sub_cella[2]~23         ; 2       ;
; lpm_divide:Mod0|lpm_divide_tnl:auto_generated|sign_div_unsign_bkh:divider|alt_u_div_hie:divider|StageOut[21]~77                                   ; 2       ;
; lpm_divide:Div0|lpm_divide_ovl:auto_generated|sign_div_unsign_9kh:divider|alt_u_div_die:divider|add_sub_h7c:add_sub_3|add_sub_cella[2]~12         ; 2       ;
; lpm_divide:Mod0|lpm_divide_tnl:auto_generated|sign_div_unsign_bkh:divider|alt_u_div_hie:divider|add_sub_h7c:add_sub_3|add_sub_cella[2]~10         ; 2       ;
; lpm_divide:Mod0|lpm_divide_tnl:auto_generated|sign_div_unsign_bkh:divider|alt_u_div_hie:divider|StageOut[26]~21                                   ; 2       ;
; lpm_divide:Mod0|lpm_divide_tnl:auto_generated|sign_div_unsign_bkh:divider|alt_u_div_hie:divider|StageOut[26]~74                                   ; 2       ;
; lpm_divide:Mod0|lpm_divide_tnl:auto_generated|sign_div_unsign_bkh:divider|alt_u_div_hie:divider|add_sub_h7c:add_sub_3|add_sub_cella[1]            ; 2       ;
; num[3]~2                                                                                                                                          ; 2       ;
; lpm_divide:Mod0|lpm_divide_tnl:auto_generated|sign_div_unsign_bkh:divider|alt_u_div_hie:divider|StageOut[25]~16                                   ; 2       ;
; lpm_divide:Mod0|lpm_divide_tnl:auto_generated|sign_div_unsign_bkh:divider|alt_u_div_hie:divider|StageOut[25]~22                                   ; 2       ;
; c_rst                                                                                                                                             ; 1       ;
; c_clk                                                                                                                                             ; 1       ;
; lpm_divide:Div0|lpm_divide_ovl:auto_generated|sign_div_unsign_9kh:divider|alt_u_div_die:divider|add_sub_i7c:add_sub_4|add_sub_cella[2]~20         ; 1       ;
; lpm_divide:Div0|lpm_divide_ovl:auto_generated|sign_div_unsign_9kh:divider|alt_u_div_die:divider|add_sub_h7c:add_sub_3|add_sub_cella[2]~16         ; 1       ;
; lpm_divide:Mod0|lpm_divide_tnl:auto_generated|sign_div_unsign_bkh:divider|alt_u_div_hie:divider|add_sub_h7c:add_sub_3|add_sub_cella[2]~16         ; 1       ;
; lpm_divide:Mod0|lpm_divide_tnl:auto_generated|sign_div_unsign_bkh:divider|alt_u_div_hie:divider|add_sub_i7c:add_sub_4|add_sub_cella[2]~20         ; 1       ;
; lpm_divide:Mod0|lpm_divide_tnl:auto_generated|sign_div_unsign_bkh:divider|alt_u_div_hie:divider|add_sub_j7c:add_sub_5|add_sub_cella[2]~24         ; 1       ;
; Mux8~2                                                                                                                                            ; 1       ;
; Mux9~2                                                                                                                                            ; 1       ;
; Mux10~2                                                                                                                                           ; 1       ;
; Mux11~2                                                                                                                                           ; 1       ;
; lpm_divide:Div0|lpm_divide_ovl:auto_generated|sign_div_unsign_9kh:divider|alt_u_div_die:divider|StageOut[20]~19                                   ; 1       ;
; lpm_divide:Div0|lpm_divide_ovl:auto_generated|sign_div_unsign_9kh:divider|alt_u_div_die:divider|StageOut[20]~14                                   ; 1       ;
; lpm_divide:Div0|lpm_divide_ovl:auto_generated|sign_div_unsign_9kh:divider|alt_u_div_die:divider|add_sub_i7c:add_sub_5|add_sub_cella[2]~19COUT1_26 ; 1       ;
; lpm_divide:Div0|lpm_divide_ovl:auto_generated|sign_div_unsign_9kh:divider|alt_u_div_die:divider|add_sub_i7c:add_sub_5|add_sub_cella[2]~19         ; 1       ;
; lpm_divide:Div0|lpm_divide_ovl:auto_generated|sign_div_unsign_9kh:divider|alt_u_div_die:divider|StageOut[21]~18                                   ; 1       ;
; lpm_divide:Div0|lpm_divide_ovl:auto_generated|sign_div_unsign_9kh:divider|alt_u_div_die:divider|StageOut[21]~13                                   ; 1       ;
; lpm_divide:Div0|lpm_divide_ovl:auto_generated|sign_div_unsign_9kh:divider|alt_u_div_die:divider|add_sub_i7c:add_sub_4|add_sub_cella[2]~19COUT1_30 ; 1       ;
; lpm_divide:Div0|lpm_divide_ovl:auto_generated|sign_div_unsign_9kh:divider|alt_u_div_die:divider|add_sub_i7c:add_sub_4|add_sub_cella[2]~19         ; 1       ;
; lpm_divide:Div0|lpm_divide_ovl:auto_generated|sign_div_unsign_9kh:divider|alt_u_div_die:divider|StageOut[16]~28                                   ; 1       ;
+---------------------------------------------------------------------------------------------------------------------------------------------------+---------+


+-------------------------------------------------+
; Interconnect Usage Summary                      ;
+----------------------------+--------------------+
; Interconnect Resource Type ; Usage              ;
+----------------------------+--------------------+
; C4s                        ; 47 / 784 ( 6 % )   ;
; Direct links               ; 20 / 888 ( 2 % )   ;
; Global clocks              ; 1 / 4 ( 25 % )     ;
; LAB clocks                 ; 3 / 32 ( 9 % )     ;
; LUT chains                 ; 2 / 216 ( < 1 % )  ;
; Local interconnects        ; 118 / 888 ( 13 % ) ;
; R4s                        ; 66 / 704 ( 9 % )   ;
+----------------------------+--------------------+


+---------------------------------------------------------------------------+
; LAB Logic Elements                                                        ;
+--------------------------------------------+------------------------------+
; Number of Logic Elements  (Average = 7.92) ; Number of LABs  (Total = 12) ;
+--------------------------------------------+------------------------------+
; 1                                          ; 1                            ;
; 2                                          ; 2                            ;
; 3                                          ; 0                            ;
; 4                                          ; 0                            ;
; 5                                          ; 0                            ;
; 6                                          ; 0                            ;
; 7                                          ; 0                            ;
; 8                                          ; 0                            ;
; 9                                          ; 0                            ;
; 10                                         ; 9                            ;
+--------------------------------------------+------------------------------+


+-------------------------------------------------------------------+
; LAB-wide Signals                                                  ;
+------------------------------------+------------------------------+
; LAB-wide Signals  (Average = 0.67) ; Number of LABs  (Total = 12) ;
+------------------------------------+------------------------------+
; 1 Async. clear                     ; 4                            ;
; 1 Clock                            ; 4                            ;
+------------------------------------+------------------------------+


+----------------------------------------------------------------------------+
; LAB Signals Sourced                                                        ;
+---------------------------------------------+------------------------------+
; Number of Signals Sourced  (Average = 6.92) ; Number of LABs  (Total = 12) ;
+---------------------------------------------+------------------------------+
; 0                                           ; 0                            ;
; 1                                           ; 1                            ;
; 2                                           ; 2                            ;
; 3                                           ; 0                            ;
; 4                                           ; 0                            ;
; 5                                           ; 0                            ;
; 6                                           ; 1                            ;
; 7                                           ; 1                            ;
; 8                                           ; 1                            ;
; 9                                           ; 3                            ;
; 10                                          ; 3                            ;
+---------------------------------------------+------------------------------+


+--------------------------------------------------------------------------------+
; LAB Signals Sourced Out                                                        ;
+-------------------------------------------------+------------------------------+
; Number of Signals Sourced Out  (Average = 5.58) ; Number of LABs  (Total = 12) ;
+-------------------------------------------------+------------------------------+
; 0                                               ; 0                            ;
; 1                                               ; 1                            ;
; 2                                               ; 2                            ;
; 3                                               ; 0                            ;
; 4                                               ; 1                            ;
; 5                                               ; 2                            ;
; 6                                               ; 1                            ;
; 7                                               ; 0                            ;
; 8                                               ; 3                            ;
; 9                                               ; 2                            ;
+-------------------------------------------------+------------------------------+


+----------------------------------------------------------------------------+
; LAB Distinct Inputs                                                        ;
+---------------------------------------------+------------------------------+
; Number of Distinct Inputs  (Average = 7.92) ; Number of LABs  (Total = 12) ;
+---------------------------------------------+------------------------------+
; 0                                           ; 0                            ;
; 1                                           ; 0                            ;
; 2                                           ; 2                            ;
; 3                                           ; 0                            ;
; 4                                           ; 1                            ;
; 5                                           ; 1                            ;
; 6                                           ; 2                            ;
; 7                                           ; 1                            ;
; 8                                           ; 0                            ;
; 9                                           ; 0                            ;
; 10                                          ; 1                            ;
; 11                                          ; 1                            ;
; 12                                          ; 0                            ;
; 13                                          ; 1                            ;
; 14                                          ; 1                            ;
; 15                                          ; 1                            ;
+---------------------------------------------+------------------------------+


+-------------------------------------------------------------------------+
; Fitter Device Options                                                   ;
+----------------------------------------------+--------------------------+
; Option                                       ; Setting                  ;
+----------------------------------------------+--------------------------+
; Enable user-supplied start-up clock (CLKUSR) ; Off                      ;
; Enable device-wide reset (DEV_CLRn)          ; Off                      ;
; Enable device-wide output enable (DEV_OE)    ; Off                      ;
; Enable INIT_DONE output                      ; Off                      ;
; Configuration scheme                         ; Passive Serial           ;
; Reserve all unused pins                      ; As output driving ground ;
; Base pin-out file on sameframe device        ; Off                      ;
+----------------------------------------------+--------------------------+


+------------------------------------------------------------+
; Estimated Delay Added for Hold Timing                      ;
+-----------------+----------------------+-------------------+
; Source Clock(s) ; Destination Clock(s) ; Delay Added in ns ;
+-----------------+----------------------+-------------------+


+----------------------------+
; Advanced Data - General    ;
+--------------------+-------+
; Name               ; Value ;
+--------------------+-------+
; Status Code        ; 0     ;
; Desired User Slack ; 0     ;
; Fit Attempts       ; 1     ;
+--------------------+-------+


+------------------------------------------------------------------------------------------------------+
; Advanced Data - Placement Preparation                                                                ;
+--------------------------------------------------------------------------------+---------------------+
; Name                                                                           ; Value               ;
+--------------------------------------------------------------------------------+---------------------+
; Auto Fit Point 1 - Fit Attempt 1                                               ; ff                  ;
; Mid Wire Use - Fit Attempt 1                                                   ; 21                  ;
; Mid Slack - Fit Attempt 1                                                      ; -45089              ;
; Internal Atom Count - Fit Attempt 1                                            ; 95                  ;
; LE/ALM Count - Fit Attempt 1                                                   ; 95                  ;
; LAB Count - Fit Attempt 1                                                      ; 12                  ;
; Outputs per Lab - Fit Attempt 1                                                ; 5.583               ;
; Inputs per LAB - Fit Attempt 1                                                 ; 7.833               ;
; Global Inputs per LAB - Fit Attempt 1                                          ; 0.333               ;
; LAB Constraint 'non-global clock / CE pair + async load' - Fit Attempt 1       ; 0:8;1:2;2:2         ;
; LAB Constraint 'ce + sync load' - Fit Attempt 1                                ; 0:12                ;
; LAB Constraint 'non-global controls' - Fit Attempt 1                           ; 0:8;1:2;2:2         ;
; LAB Constraint 'un-route combination' - Fit Attempt 1                          ; 0:12                ;
; LAB Constraint 'non-global with asyn_clear' - Fit Attempt 1                    ; 0:8;2:2;3:2         ;
; LAB Constraint 'un-route with async_clear' - Fit Attempt 1                     ; 0:8;1:4             ;
; LAB Constraint 'non-global async clear + sync clear' - Fit Attempt 1           ; 0:12                ;
; LAB Constraint 'global non-clock/non-asynch_clear' - Fit Attempt 1             ; 0:12                ;
; LAB Constraint 'ygr_cl_ngclk_gclkce_sload_aload_constraint' - Fit Attempt 1    ; 0:8;1:4             ;
; LAB Constraint 'global control signals' - Fit Attempt 1                        ; 0:8;1:4             ;
; LAB Constraint 'clock / ce pair constraint' - Fit Attempt 1                    ; 0:8;1:2;2:2         ;
; LAB Constraint 'aload_aclr pair with aload used' - Fit Attempt 1               ; 0:12                ;
; LAB Constraint 'aload_aclr pair' - Fit Attempt 1                               ; 0:8;1:4             ;
; LAB Constraint 'sload_sclear pair' - Fit Attempt 1                             ; 0:12                ;
; LAB Constraint 'invert_a constraint' - Fit Attempt 1                           ; 0:2;1:10            ;
; LAB Constraint 'has placement constraint' - Fit Attempt 1                      ; 0:12                ;
; LAB Constraint 'use of ADATA or SDATA by registers constraint' - Fit Attempt 1 ; 0:12                ;
; LAB Constraint 'group hierarchy constraint' - Fit Attempt 1                    ; 1:2;2:3;3:1;4:4;5:2 ;
; LEs in Chains - Fit Attempt 1                                                  ; 39                  ;
; LEs in Long Chains - Fit Attempt 1                                             ; 0                   ;
; LABs with Chains - Fit Attempt 1                                               ; 9                   ;
; LABs with Multiple Chains - Fit Attempt 1                                      ; 1                   ;
; Time - Fit Attempt 1                                                           ; 0                   ;
+--------------------------------------------------------------------------------+---------------------+


+---------------------------------------------+
; Advanced Data - Placement                   ;
+------------------------------------+--------+
; Name                               ; Value  ;
+------------------------------------+--------+
; Auto Fit Point 2 - Fit Attempt 1   ; ff     ;
; Early Wire Use - Fit Attempt 1     ; 4      ;
; Early Slack - Fit Attempt 1        ; -51251 ;
; Auto Fit Point 5 - Fit Attempt 1   ; ff     ;
; Mid Wire Use - Fit Attempt 1       ; 10     ;
; Mid Slack - Fit Attempt 1          ; -47497 ;
; Auto Fit Point 6 - Fit Attempt 1   ; ff     ;
; Auto Fit Point 6 - Fit Attempt 1   ; ff     ;
; Auto Fit Point 6 - Fit Attempt 1   ; ff     ;
; Auto Fit Point 5 - Fit Attempt 1   ; ff     ;
; Mid Wire Use - Fit Attempt 1       ; 10     ;
; Mid Slack - Fit Attempt 1          ; -47497 ;
; Auto Fit Point 6 - Fit Attempt 1   ; ff     ;
; Auto Fit Point 6 - Fit Attempt 1   ; ff     ;
; Auto Fit Point 6 - Fit Attempt 1   ; ff     ;
; Late Wire Use - Fit Attempt 1      ; 11     ;
; Late Slack - Fit Attempt 1         ; -47497 ;
; Peak Regional Wire - Fit Attempt 1 ; 0.000  ;
; Auto Fit Point 7 - Fit Attempt 1   ; ff     ;
; Time - Fit Attempt 1               ; 0      ;
+------------------------------------+--------+


+---------------------------------------------------+
; Advanced Data - Routing                           ;
+-------------------------------------+-------------+
; Name                                ; Value       ;
+-------------------------------------+-------------+
; Early Slack - Fit Attempt 1         ; -46091      ;
; Early Wire Use - Fit Attempt 1      ; 10          ;
; Peak Regional Wire - Fit Attempt 1  ; 9           ;
; Mid Slack - Fit Attempt 1           ; -47347      ;
; Late Slack - Fit Attempt 1          ; -2147483648 ;
; Late Wire Use - Fit Attempt 1       ; 10          ;
; Time - Fit Attempt 1                ; 0           ;
; Time in tsm_tan.dll - Fit Attempt 1 ; 0.016       ;
+-------------------------------------+-------------+


+-----------------+
; Fitter Messages ;
+-----------------+
Info: *******************************************************************
Info: Running Quartus II Fitter
    Info: Version 9.0 Build 235 06/17/2009 Service Pack 2 SJ Web Edition
    Info: Processing started: Wed May 08 08:01:12 2019
Info: Command: quartus_fit --read_settings_files=off --write_settings_files=off counter -c counter
Info: Selected device EPM240T100C5 for design "counter"
Info: Low junction temperature is 0 degrees C
Info: High junction temperature is 85 degrees C
Info: Fitter is performing an Auto Fit compilation, which may decrease Fitter effort to reduce compilation time
Warning: Feature LogicLock is not available with your current license
Info: Device migration not selected. If you intend to use device migration later, you may need to change the pin assignments as they may be incompatible with other devices
    Info: Device EPM240T100I5 is compatible
    Info: Device EPM240T100A5 is compatible
    Info: Device EPM570T100C5 is compatible
    Info: Device EPM570T100I5 is compatible
    Info: Device EPM570T100A5 is compatible
Info: Fitter is using the Classic Timing Analyzer
Info: Timing requirements not specified -- optimizing circuit to achieve the following default global requirements
    Info: Assuming a global fmax requirement of 1000 MHz
    Info: Assuming a global tsu requirement of 2.0 ns
    Info: Assuming a global tco requirement of 1.0 ns
    Info: Assuming a global tpd requirement of 1.0 ns
Extra Info: Performing register packing on registers with non-logic cell location assignments
Extra Info: Completed register packing on registers with non-logic cell location assignments
Info: Completed User Assigned Global Signals Promotion Operation
Info: Automatically promoted signal "t_rst~0" to use Global clock
Info: Completed Auto Global Promotion Operation
Info: Starting register packing
Info: Fitter is using Normal packing mode for logic elements with Auto setting for Auto Packed Registers logic option
Extra Info: Moving registers into LUTs to improve timing and density
Info: Started processing fast register assignments
Info: Finished processing fast register assignments
Extra Info: Finished moving registers into LUTs: elapsed time is 00:00:00
Info: Finished register packing
Info: Fitter preparation operations ending: elapsed time is 00:00:00
Info: Fitter placement preparation operations beginning
Info: Fitter placement preparation operations ending: elapsed time is 00:00:00
Info: Fitter placement operations beginning
Info: Fitter placement was successful
Info: Fitter placement operations ending: elapsed time is 00:00:00
Info: Estimated most critical path is register to pin delay of 27.637 ns
    Info: 1: + IC(0.000 ns) + CELL(0.000 ns) = 0.000 ns; Loc. = LAB_X5_Y2; Fanout = 12; REG Node = 'D:u5|tmp'
    Info: 2: + IC(0.000 ns) + CELL(1.311 ns) = 1.311 ns; Loc. = LAB_X6_Y2; Fanout = 46; COMB LOOP Node = 'LessThan0~0'
        Info: Loc. = LAB_X6_Y2; Node "LessThan0~0"
        Info: Loc. = LAB_X7_Y2; Node "lpm_divide:Mod0|lpm_divide_tnl:auto_generated|sign_div_unsign_bkh:divider|alt_u_div_hie:divider|StageOut[20]~76"
    Info: 3: + IC(0.944 ns) + CELL(0.747 ns) = 3.002 ns; Loc. = LAB_X6_Y2; Fanout = 1; COMB Node = 'lpm_divide:Mod0|lpm_divide_tnl:auto_generated|sign_div_unsign_bkh:divider|alt_u_div_hie:divider|add_sub_h7c:add_sub_3|add_sub_cella[1]~COUT'
    Info: 4: + IC(0.000 ns) + CELL(0.815 ns) = 3.817 ns; Loc. = LAB_X6_Y2; Fanout = 2; COMB Node = 'lpm_divide:Mod0|lpm_divide_tnl:auto_generated|sign_div_unsign_bkh:divider|alt_u_div_hie:divider|add_sub_h7c:add_sub_3|add_sub_cella[2]~16'
    Info: 5: + IC(0.770 ns) + CELL(0.978 ns) = 5.565 ns; Loc. = LAB_X6_Y2; Fanout = 2; COMB Node = 'lpm_divide:Mod0|lpm_divide_tnl:auto_generated|sign_div_unsign_bkh:divider|alt_u_div_hie:divider|add_sub_h7c:add_sub_3|add_sub_cella[2]~15'
    Info: 6: + IC(0.000 ns) + CELL(0.123 ns) = 5.688 ns; Loc. = LAB_X6_Y2; Fanout = 2; COMB Node = 'lpm_divide:Mod0|lpm_divide_tnl:auto_generated|sign_div_unsign_bkh:divider|alt_u_div_hie:divider|add_sub_h7c:add_sub_3|add_sub_cella[2]~13'
    Info: 7: + IC(0.000 ns) + CELL(0.123 ns) = 5.811 ns; Loc. = LAB_X6_Y2; Fanout = 1; COMB Node = 'lpm_divide:Mod0|lpm_divide_tnl:auto_generated|sign_div_unsign_bkh:divider|alt_u_div_hie:divider|add_sub_h7c:add_sub_3|add_sub_cella[2]~11'
    Info: 8: + IC(0.000 ns) + CELL(0.815 ns) = 6.626 ns; Loc. = LAB_X6_Y2; Fanout = 9; COMB Node = 'lpm_divide:Mod0|lpm_divide_tnl:auto_generated|sign_div_unsign_bkh:divider|alt_u_div_hie:divider|add_sub_h7c:add_sub_3|add_sub_cella[2]~8'
    Info: 9: + IC(1.380 ns) + CELL(0.200 ns) = 8.206 ns; Loc. = LAB_X5_Y2; Fanout = 4; COMB Node = 'lpm_divide:Mod0|lpm_divide_tnl:auto_generated|sign_div_unsign_bkh:divider|alt_u_div_hie:divider|StageOut[21]~77'
    Info: 10: + IC(1.864 ns) + CELL(0.978 ns) = 11.048 ns; Loc. = LAB_X5_Y3; Fanout = 1; COMB Node = 'lpm_divide:Mod0|lpm_divide_tnl:auto_generated|sign_div_unsign_bkh:divider|alt_u_div_hie:divider|add_sub_i7c:add_sub_4|add_sub_cella[2]~15'
    Info: 11: + IC(0.000 ns) + CELL(0.815 ns) = 11.863 ns; Loc. = LAB_X5_Y3; Fanout = 8; COMB Node = 'lpm_divide:Mod0|lpm_divide_tnl:auto_generated|sign_div_unsign_bkh:divider|alt_u_div_hie:divider|add_sub_i7c:add_sub_4|add_sub_cella[2]~10'
    Info: 12: + IC(2.074 ns) + CELL(0.200 ns) = 14.137 ns; Loc. = LAB_X4_Y2; Fanout = 1; COMB Node = 'lpm_divide:Mod0|lpm_divide_tnl:auto_generated|sign_div_unsign_bkh:divider|alt_u_div_hie:divider|StageOut[27]~79'
    Info: 13: + IC(1.893 ns) + CELL(1.244 ns) = 17.274 ns; Loc. = LAB_X5_Y4; Fanout = 1; COMB Node = 'lpm_divide:Mod0|lpm_divide_tnl:auto_generated|sign_div_unsign_bkh:divider|alt_u_div_hie:divider|add_sub_j7c:add_sub_5|add_sub_cella[2]~23'
    Info: 14: + IC(0.000 ns) + CELL(1.234 ns) = 18.508 ns; Loc. = LAB_X5_Y4; Fanout = 3; COMB Node = 'lpm_divide:Mod0|lpm_divide_tnl:auto_generated|sign_div_unsign_bkh:divider|alt_u_div_hie:divider|add_sub_j7c:add_sub_5|add_sub_cella[2]~12'
    Info: 15: + IC(2.037 ns) + CELL(0.200 ns) = 20.745 ns; Loc. = LAB_X7_Y4; Fanout = 7; COMB Node = 'lpm_divide:Mod0|lpm_divide_tnl:auto_generated|sign_div_unsign_bkh:divider|alt_u_div_hie:divider|StageOut[32]~73'
    Info: 16: + IC(1.737 ns) + CELL(0.511 ns) = 22.993 ns; Loc. = LAB_X4_Y4; Fanout = 1; COMB Node = 'Mux13~6'
    Info: 17: + IC(2.322 ns) + CELL(2.322 ns) = 27.637 ns; Loc. = PIN_1; Fanout = 0; PIN Node = 'outl[0]'
    Info: Total cell delay = 12.616 ns ( 45.65 % )
    Info: Total interconnect delay = 15.021 ns ( 54.35 % )
Info: Fitter routing operations beginning
Info: Average interconnect usage is 8% of the available device resources
    Info: Peak interconnect usage is 8% of the available device resources in the region that extends from location X0_Y0 to location X8_Y5
Info: Fitter routing operations ending: elapsed time is 00:00:00
Info: The Fitter performed an Auto Fit compilation.  Optimizations were skipped to reduce compilation time.
    Info: Optimizations that may affect the design's routability were skipped
    Info: Optimizations that may affect the design's timing were skipped
Warning: The Reserve All Unused Pins setting has not been specified, and will default to 'As output driving ground'.
Info: Quartus II Fitter was successful. 0 errors, 2 warnings
    Info: Peak virtual memory: 286 megabytes
    Info: Processing ended: Wed May 08 08:01:12 2019
    Info: Elapsed time: 00:00:00
    Info: Total CPU time (on all processors): 00:00:01


